Parsed test spec with 2 sessions

starting permutation: rxy1 wx1 c1 rxy2 wy2 c2
step rxy1: select sum(id) from spgist_box_tbl where
		  p @> box(point(5000,5000),point(15000,15000));
sum            

375750         
step wx1: insert into spgist_box_tbl (id, p)
                  select g, box(point(10000-g*500,10000-g*500),point(10000+g*500,10000+g*500))
		  from generate_series(11, 20) g;
step c1: COMMIT;
step rxy2: select sum(id) from spgist_box_tbl where
                  p <@ box(point(5000,5000),point(15000,15000));
sum            

125250         
step wy2: insert into spgist_box_tbl (id, p)
		  select g, box(point(10000-g*500,10000-g*500),point(10000+g*500,10000+g*500))
		  from generate_series(1, 9) g;
step c2: COMMIT;

starting permutation: rxy1 wx1 rxy2 c1 wy2 c2
step rxy1: select sum(id) from spgist_box_tbl where
		  p @> box(point(5000,5000),point(15000,15000));
sum            

375750         
step wx1: insert into spgist_box_tbl (id, p)
                  select g, box(point(10000-g*500,10000-g*500),point(10000+g*500,10000+g*500))
		  from generate_series(11, 20) g;
step rxy2: select sum(id) from spgist_box_tbl where
                  p <@ box(point(5000,5000),point(15000,15000));
sum            

125250         
step c1: COMMIT;
step wy2: insert into spgist_box_tbl (id, p)
		  select g, box(point(10000-g*500,10000-g*500),point(10000+g*500,10000+g*500))
		  from generate_series(1, 9) g;
step c2: COMMIT;

starting permutation: rxy1 wx1 rxy2 wy2 c1 c2
step rxy1: select sum(id) from spgist_box_tbl where
		  p @> box(point(5000,5000),point(15000,15000));
sum            

375750         
step wx1: insert into spgist_box_tbl (id, p)
                  select g, box(point(10000-g*500,10000-g*500),point(10000+g*500,10000+g*500))
		  from generate_series(11, 20) g;
step rxy2: select sum(id) from spgist_box_tbl where
                  p <@ box(point(5000,5000),point(15000,15000));
sum            

125250         
step wy2: insert into spgist_box_tbl (id, p)
		  select g, box(point(10000-g*500,10000-g*500),point(10000+g*500,10000+g*500))
		  from generate_series(1, 9) g;
step c1: COMMIT;
step c2: COMMIT;

starting permutation: rxy1 wx1 rxy2 wy2 c2 c1
step rxy1: select sum(id) from spgist_box_tbl where
		  p @> box(point(5000,5000),point(15000,15000));
sum            

375750         
step wx1: insert into spgist_box_tbl (id, p)
                  select g, box(point(10000-g*500,10000-g*500),point(10000+g*500,10000+g*500))
		  from generate_series(11, 20) g;
step rxy2: select sum(id) from spgist_box_tbl where
                  p <@ box(point(5000,5000),point(15000,15000));
sum            

125250         
step wy2: insert into spgist_box_tbl (id, p)
		  select g, box(point(10000-g*500,10000-g*500),point(10000+g*500,10000+g*500))
		  from generate_series(1, 9) g;
step c2: COMMIT;
step c1: COMMIT;

starting permutation: rxy1 rxy2 wx1 c1 wy2 c2
step rxy1: select sum(id) from spgist_box_tbl where
		  p @> box(point(5000,5000),point(15000,15000));
sum            

375750         
step rxy2: select sum(id) from spgist_box_tbl where
                  p <@ box(point(5000,5000),point(15000,15000));
sum            

125250         
step wx1: insert into spgist_box_tbl (id, p)
                  select g, box(point(10000-g*500,10000-g*500),point(10000+g*500,10000+g*500))
		  from generate_series(11, 20) g;
step c1: COMMIT;
step wy2: insert into spgist_box_tbl (id, p)
		  select g, box(point(10000-g*500,10000-g*500),point(10000+g*500,10000+g*500))
		  from generate_series(1, 9) g;
step c2: COMMIT;

starting permutation: rxy1 rxy2 wx1 wy2 c1 c2
step rxy1: select sum(id) from spgist_box_tbl where
		  p @> box(point(5000,5000),point(15000,15000));
sum            

375750         
step rxy2: select sum(id) from spgist_box_tbl where
                  p <@ box(point(5000,5000),point(15000,15000));
sum            

125250         
step wx1: insert into spgist_box_tbl (id, p)
                  select g, box(point(10000-g*500,10000-g*500),point(10000+g*500,10000+g*500))
		  from generate_series(11, 20) g;
step wy2: insert into spgist_box_tbl (id, p)
		  select g, box(point(10000-g*500,10000-g*500),point(10000+g*500,10000+g*500))
		  from generate_series(1, 9) g;
step c1: COMMIT;
step c2: COMMIT;

starting permutation: rxy1 rxy2 wx1 wy2 c2 c1
step rxy1: select sum(id) from spgist_box_tbl where
		  p @> box(point(5000,5000),point(15000,15000));
sum            

375750         
step rxy2: select sum(id) from spgist_box_tbl where
                  p <@ box(point(5000,5000),point(15000,15000));
sum            

125250         
step wx1: insert into spgist_box_tbl (id, p)
                  select g, box(point(10000-g*500,10000-g*500),point(10000+g*500,10000+g*500))
		  from generate_series(11, 20) g;
step wy2: insert into spgist_box_tbl (id, p)
		  select g, box(point(10000-g*500,10000-g*500),point(10000+g*500,10000+g*500))
		  from generate_series(1, 9) g;
step c2: COMMIT;
step c1: COMMIT;

starting permutation: rxy1 rxy2 wy2 wx1 c1 c2
step rxy1: select sum(id) from spgist_box_tbl where
		  p @> box(point(5000,5000),point(15000,15000));
sum            

375750         
step rxy2: select sum(id) from spgist_box_tbl where
                  p <@ box(point(5000,5000),point(15000,15000));
sum            

125250         
step wy2: insert into spgist_box_tbl (id, p)
		  select g, box(point(10000-g*500,10000-g*500),point(10000+g*500,10000+g*500))
		  from generate_series(1, 9) g;
step wx1: insert into spgist_box_tbl (id, p)
                  select g, box(point(10000-g*500,10000-g*500),point(10000+g*500,10000+g*500))
		  from generate_series(11, 20) g;
step c1: COMMIT;
step c2: COMMIT;

starting permutation: rxy1 rxy2 wy2 wx1 c2 c1
step rxy1: select sum(id) from spgist_box_tbl where
		  p @> box(point(5000,5000),point(15000,15000));
sum            

375750         
step rxy2: select sum(id) from spgist_box_tbl where
                  p <@ box(point(5000,5000),point(15000,15000));
sum            

125250         
step wy2: insert into spgist_box_tbl (id, p)
		  select g, box(point(10000-g*500,10000-g*500),point(10000+g*500,10000+g*500))
		  from generate_series(1, 9) g;
step wx1: insert into spgist_box_tbl (id, p)
                  select g, box(point(10000-g*500,10000-g*500),point(10000+g*500,10000+g*500))
		  from generate_series(11, 20) g;
step c2: COMMIT;
step c1: COMMIT;

starting permutation: rxy1 rxy2 wy2 c2 wx1 c1
step rxy1: select sum(id) from spgist_box_tbl where
		  p @> box(point(5000,5000),point(15000,15000));
sum            

375750         
step rxy2: select sum(id) from spgist_box_tbl where
                  p <@ box(point(5000,5000),point(15000,15000));
sum            

125250         
step wy2: insert into spgist_box_tbl (id, p)
		  select g, box(point(10000-g*500,10000-g*500),point(10000+g*500,10000+g*500))
		  from generate_series(1, 9) g;
step c2: COMMIT;
step wx1: insert into spgist_box_tbl (id, p)
                  select g, box(point(10000-g*500,10000-g*500),point(10000+g*500,10000+g*500))
		  from generate_series(11, 20) g;
step c1: COMMIT;

starting permutation: rxy2 rxy1 wx1 c1 wy2 c2
step rxy2: select sum(id) from spgist_box_tbl where
                  p <@ box(point(5000,5000),point(15000,15000));
sum            

125250         
step rxy1: select sum(id) from spgist_box_tbl where
		  p @> box(point(5000,5000),point(15000,15000));
sum            

375750         
step wx1: insert into spgist_box_tbl (id, p)
                  select g, box(point(10000-g*500,10000-g*500),point(10000+g*500,10000+g*500))
		  from generate_series(11, 20) g;
step c1: COMMIT;
step wy2: insert into spgist_box_tbl (id, p)
		  select g, box(point(10000-g*500,10000-g*500),point(10000+g*500,10000+g*500))
		  from generate_series(1, 9) g;
step c2: COMMIT;

starting permutation: rxy2 rxy1 wx1 wy2 c1 c2
step rxy2: select sum(id) from spgist_box_tbl where
                  p <@ box(point(5000,5000),point(15000,15000));
sum            

125250         
step rxy1: select sum(id) from spgist_box_tbl where
		  p @> box(point(5000,5000),point(15000,15000));
sum            

375750         
step wx1: insert into spgist_box_tbl (id, p)
                  select g, box(point(10000-g*500,10000-g*500),point(10000+g*500,10000+g*500))
		  from generate_series(11, 20) g;
step wy2: insert into spgist_box_tbl (id, p)
		  select g, box(point(10000-g*500,10000-g*500),point(10000+g*500,10000+g*500))
		  from generate_series(1, 9) g;
step c1: COMMIT;
step c2: COMMIT;

starting permutation: rxy2 rxy1 wx1 wy2 c2 c1
step rxy2: select sum(id) from spgist_box_tbl where
                  p <@ box(point(5000,5000),point(15000,15000));
sum            

125250         
step rxy1: select sum(id) from spgist_box_tbl where
		  p @> box(point(5000,5000),point(15000,15000));
sum            

375750         
step wx1: insert into spgist_box_tbl (id, p)
                  select g, box(point(10000-g*500,10000-g*500),point(10000+g*500,10000+g*500))
		  from generate_series(11, 20) g;
step wy2: insert into spgist_box_tbl (id, p)
		  select g, box(point(10000-g*500,10000-g*500),point(10000+g*500,10000+g*500))
		  from generate_series(1, 9) g;
step c2: COMMIT;
step c1: COMMIT;

starting permutation: rxy2 rxy1 wy2 wx1 c1 c2
step rxy2: select sum(id) from spgist_box_tbl where
                  p <@ box(point(5000,5000),point(15000,15000));
sum            

125250         
step rxy1: select sum(id) from spgist_box_tbl where
		  p @> box(point(5000,5000),point(15000,15000));
sum            

375750         
step wy2: insert into spgist_box_tbl (id, p)
		  select g, box(point(10000-g*500,10000-g*500),point(10000+g*500,10000+g*500))
		  from generate_series(1, 9) g;
step wx1: insert into spgist_box_tbl (id, p)
                  select g, box(point(10000-g*500,10000-g*500),point(10000+g*500,10000+g*500))
		  from generate_series(11, 20) g;
step c1: COMMIT;
step c2: COMMIT;

starting permutation: rxy2 rxy1 wy2 wx1 c2 c1
step rxy2: select sum(id) from spgist_box_tbl where
                  p <@ box(point(5000,5000),point(15000,15000));
sum            

125250         
step rxy1: select sum(id) from spgist_box_tbl where
		  p @> box(point(5000,5000),point(15000,15000));
sum            

375750         
step wy2: insert into spgist_box_tbl (id, p)
		  select g, box(point(10000-g*500,10000-g*500),point(10000+g*500,10000+g*500))
		  from generate_series(1, 9) g;
step wx1: insert into spgist_box_tbl (id, p)
                  select g, box(point(10000-g*500,10000-g*500),point(10000+g*500,10000+g*500))
		  from generate_series(11, 20) g;
step c2: COMMIT;
step c1: COMMIT;

starting permutation: rxy2 rxy1 wy2 c2 wx1 c1
step rxy2: select sum(id) from spgist_box_tbl where
                  p <@ box(point(5000,5000),point(15000,15000));
sum            

125250         
step rxy1: select sum(id) from spgist_box_tbl where
		  p @> box(point(5000,5000),point(15000,15000));
sum            

375750         
step wy2: insert into spgist_box_tbl (id, p)
		  select g, box(point(10000-g*500,10000-g*500),point(10000+g*500,10000+g*500))
		  from generate_series(1, 9) g;
step c2: COMMIT;
step wx1: insert into spgist_box_tbl (id, p)
                  select g, box(point(10000-g*500,10000-g*500),point(10000+g*500,10000+g*500))
		  from generate_series(11, 20) g;
step c1: COMMIT;

starting permutation: rxy2 wy2 rxy1 wx1 c1 c2
step rxy2: select sum(id) from spgist_box_tbl where
                  p <@ box(point(5000,5000),point(15000,15000));
sum            

125250         
step wy2: insert into spgist_box_tbl (id, p)
		  select g, box(point(10000-g*500,10000-g*500),point(10000+g*500,10000+g*500))
		  from generate_series(1, 9) g;
step rxy1: select sum(id) from spgist_box_tbl where
		  p @> box(point(5000,5000),point(15000,15000));
sum            

375750         
step wx1: insert into spgist_box_tbl (id, p)
                  select g, box(point(10000-g*500,10000-g*500),point(10000+g*500,10000+g*500))
		  from generate_series(11, 20) g;
step c1: COMMIT;
step c2: COMMIT;

starting permutation: rxy2 wy2 rxy1 wx1 c2 c1
step rxy2: select sum(id) from spgist_box_tbl where
                  p <@ box(point(5000,5000),point(15000,15000));
sum            

125250         
step wy2: insert into spgist_box_tbl (id, p)
		  select g, box(point(10000-g*500,10000-g*500),point(10000+g*500,10000+g*500))
		  from generate_series(1, 9) g;
step rxy1: select sum(id) from spgist_box_tbl where
		  p @> box(point(5000,5000),point(15000,15000));
sum            

375750         
step wx1: insert into spgist_box_tbl (id, p)
                  select g, box(point(10000-g*500,10000-g*500),point(10000+g*500,10000+g*500))
		  from generate_series(11, 20) g;
step c2: COMMIT;
step c1: COMMIT;

starting permutation: rxy2 wy2 rxy1 c2 wx1 c1
step rxy2: select sum(id) from spgist_box_tbl where
                  p <@ box(point(5000,5000),point(15000,15000));
sum            

125250         
step wy2: insert into spgist_box_tbl (id, p)
		  select g, box(point(10000-g*500,10000-g*500),point(10000+g*500,10000+g*500))
		  from generate_series(1, 9) g;
step rxy1: select sum(id) from spgist_box_tbl where
		  p @> box(point(5000,5000),point(15000,15000));
sum            

375750         
step c2: COMMIT;
step wx1: insert into spgist_box_tbl (id, p)
                  select g, box(point(10000-g*500,10000-g*500),point(10000+g*500,10000+g*500))
		  from generate_series(11, 20) g;
step c1: COMMIT;

starting permutation: rxy2 wy2 c2 rxy1 wx1 c1
step rxy2: select sum(id) from spgist_box_tbl where
                  p <@ box(point(5000,5000),point(15000,15000));
sum            

125250         
step wy2: insert into spgist_box_tbl (id, p)
		  select g, box(point(10000-g*500,10000-g*500),point(10000+g*500,10000+g*500))
		  from generate_series(1, 9) g;
step c2: COMMIT;
step rxy1: select sum(id) from spgist_box_tbl where
		  p @> box(point(5000,5000),point(15000,15000));
sum            

375750         
step wx1: insert into spgist_box_tbl (id, p)
                  select g, box(point(10000-g*500,10000-g*500),point(10000+g*500,10000+g*500))
		  from generate_series(11, 20) g;
step c1: COMMIT;
